// Jest Snapshot v1, https://goo.gl/fbAQLP

exports[`Particles it should match the snapshot 1`] = `
<Particles
  classes={
    Object {
      "particles": "Particles-particles-1",
    }
  }
/>
`;
