// Jest Snapshot v1, https://goo.gl/fbAQLP

exports[`QrScanner it should match the snapshot 1`] = `
<QrScanner
  buttonIcon={<pure(Camera) />}
  classes={Object {}}
  handleScan={[MockFunction]}
/>
`;
